[31-Jan-2026 04:25:36 UTC] PHP Warning:  Module "xmlwriter" is already loaded in Unknown on line 0
[31-Jan-2026 04:25:36 UTC] PHP Warning:  Module "SimpleXML" is already loaded in Unknown on line 0
[31-Jan-2026 04:25:36 UTC] PHP Warning:  PHP Startup: Unable to load dynamic library 'tokenizer' (tried: /usr/local/lib/php/extensions/no-debug-non-zts-20210902/tokenizer (Error loading shared library /usr/local/lib/php/extensions/no-debug-non-zts-20210902/tokenizer: No such file or directory), /usr/local/lib/php/extensions/no-debug-non-zts-20210902/tokenizer.so (Error loading shared library /usr/local/lib/php/extensions/no-debug-non-zts-20210902/tokenizer.so: No such file or directory)) in Unknown on line 0
[31-Jan-2026 04:25:36 UTC] PHP Warning:  PHP Startup: Unable to load dynamic library 'rdkafka.so' (tried: /usr/local/lib/php/extensions/no-debug-non-zts-20210902/rdkafka.so (Error loading shared library /usr/local/lib/php/extensions/no-debug-non-zts-20210902/rdkafka.so: No such file or directory), /usr/local/lib/php/extensions/no-debug-non-zts-20210902/rdkafka.so.so (Error loading shared library /usr/local/lib/php/extensions/no-debug-non-zts-20210902/rdkafka.so.so: No such file or directory)) in Unknown on line 0
[31-Jan-2026 04:25:36 UTC] PHP Warning:  PHP Startup: Unable to load dynamic library 'bcmath' (tried: /usr/local/lib/php/extensions/no-debug-non-zts-20210902/bcmath (Error loading shared library /usr/local/lib/php/extensions/no-debug-non-zts-20210902/bcmath: No such file or directory), /usr/local/lib/php/extensions/no-debug-non-zts-20210902/bcmath.so (Error loading shared library /usr/local/lib/php/extensions/no-debug-non-zts-20210902/bcmath.so: No such file or directory)) in Unknown on line 0
[31-Jan-2026 04:25:36 UTC] PHP Warning:  Module "calendar" is already loaded in Unknown on line 0
[31-Jan-2026 04:28:38 UTC] PHP Warning:  Module "xmlwriter" is already loaded in Unknown on line 0
[31-Jan-2026 04:28:38 UTC] PHP Warning:  Module "SimpleXML" is already loaded in Unknown on line 0
[31-Jan-2026 04:28:38 UTC] PHP Warning:  PHP Startup: Unable to load dynamic library 'tokenizer' (tried: /usr/local/lib/php/extensions/no-debug-non-zts-20210902/tokenizer (Error loading shared library /usr/local/lib/php/extensions/no-debug-non-zts-20210902/tokenizer: No such file or directory), /usr/local/lib/php/extensions/no-debug-non-zts-20210902/tokenizer.so (Error loading shared library /usr/local/lib/php/extensions/no-debug-non-zts-20210902/tokenizer.so: No such file or directory)) in Unknown on line 0
[31-Jan-2026 04:28:38 UTC] PHP Warning:  PHP Startup: Unable to load dynamic library 'rdkafka.so' (tried: /usr/local/lib/php/extensions/no-debug-non-zts-20210902/rdkafka.so (Error loading shared library /usr/local/lib/php/extensions/no-debug-non-zts-20210902/rdkafka.so: No such file or directory), /usr/local/lib/php/extensions/no-debug-non-zts-20210902/rdkafka.so.so (Error loading shared library /usr/local/lib/php/extensions/no-debug-non-zts-20210902/rdkafka.so.so: No such file or directory)) in Unknown on line 0
[31-Jan-2026 04:28:38 UTC] PHP Warning:  PHP Startup: Unable to load dynamic library 'bcmath' (tried: /usr/local/lib/php/extensions/no-debug-non-zts-20210902/bcmath (Error loading shared library /usr/local/lib/php/extensions/no-debug-non-zts-20210902/bcmath: No such file or directory), /usr/local/lib/php/extensions/no-debug-non-zts-20210902/bcmath.so (Error loading shared library /usr/local/lib/php/extensions/no-debug-non-zts-20210902/bcmath.so: No such file or directory)) in Unknown on line 0
[31-Jan-2026 04:28:38 UTC] PHP Warning:  Module "calendar" is already loaded in Unknown on line 0
[01-Feb-2026 16:46:27 UTC] PHP Warning:  Module "xmlwriter" is already loaded in Unknown on line 0
[01-Feb-2026 16:46:27 UTC] PHP Warning:  Module "SimpleXML" is already loaded in Unknown on line 0
[01-Feb-2026 16:46:27 UTC] PHP Warning:  PHP Startup: Unable to load dynamic library 'tokenizer' (tried: /usr/local/lib/php/extensions/no-debug-non-zts-20210902/tokenizer (Error loading shared library /usr/local/lib/php/extensions/no-debug-non-zts-20210902/tokenizer: No such file or directory), /usr/local/lib/php/extensions/no-debug-non-zts-20210902/tokenizer.so (Error loading shared library /usr/local/lib/php/extensions/no-debug-non-zts-20210902/tokenizer.so: No such file or directory)) in Unknown on line 0
[01-Feb-2026 16:46:27 UTC] PHP Warning:  PHP Startup: Unable to load dynamic library 'rdkafka.so' (tried: /usr/local/lib/php/extensions/no-debug-non-zts-20210902/rdkafka.so (Error loading shared library /usr/local/lib/php/extensions/no-debug-non-zts-20210902/rdkafka.so: No such file or directory), /usr/local/lib/php/extensions/no-debug-non-zts-20210902/rdkafka.so.so (Error loading shared library /usr/local/lib/php/extensions/no-debug-non-zts-20210902/rdkafka.so.so: No such file or directory)) in Unknown on line 0
[01-Feb-2026 16:46:27 UTC] PHP Warning:  PHP Startup: Unable to load dynamic library 'bcmath' (tried: /usr/local/lib/php/extensions/no-debug-non-zts-20210902/bcmath (Error loading shared library /usr/local/lib/php/extensions/no-debug-non-zts-20210902/bcmath: No such file or directory), /usr/local/lib/php/extensions/no-debug-non-zts-20210902/bcmath.so (Error loading shared library /usr/local/lib/php/extensions/no-debug-non-zts-20210902/bcmath.so: No such file or directory)) in Unknown on line 0
[01-Feb-2026 16:46:27 UTC] PHP Warning:  Module "calendar" is already loaded in Unknown on line 0
[01-Feb-2026 16:46:27 UTC] PHP Warning:  Module "xmlwriter" is already loaded in Unknown on line 0
[01-Feb-2026 16:46:27 UTC] PHP Warning:  Module "SimpleXML" is already loaded in Unknown on line 0
[01-Feb-2026 16:46:27 UTC] PHP Warning:  PHP Startup: Unable to load dynamic library 'tokenizer' (tried: /usr/local/lib/php/extensions/no-debug-non-zts-20210902/tokenizer (Error loading shared library /usr/local/lib/php/extensions/no-debug-non-zts-20210902/tokenizer: No such file or directory), /usr/local/lib/php/extensions/no-debug-non-zts-20210902/tokenizer.so (Error loading shared library /usr/local/lib/php/extensions/no-debug-non-zts-20210902/tokenizer.so: No such file or directory)) in Unknown on line 0
[01-Feb-2026 16:46:27 UTC] PHP Warning:  PHP Startup: Unable to load dynamic library 'rdkafka.so' (tried: /usr/local/lib/php/extensions/no-debug-non-zts-20210902/rdkafka.so (Error loading shared library /usr/local/lib/php/extensions/no-debug-non-zts-20210902/rdkafka.so: No such file or directory), /usr/local/lib/php/extensions/no-debug-non-zts-20210902/rdkafka.so.so (Error loading shared library /usr/local/lib/php/extensions/no-debug-non-zts-20210902/rdkafka.so.so: No such file or directory)) in Unknown on line 0
[01-Feb-2026 16:46:27 UTC] PHP Warning:  PHP Startup: Unable to load dynamic library 'bcmath' (tried: /usr/local/lib/php/extensions/no-debug-non-zts-20210902/bcmath (Error loading shared library /usr/local/lib/php/extensions/no-debug-non-zts-20210902/bcmath: No such file or directory), /usr/local/lib/php/extensions/no-debug-non-zts-20210902/bcmath.so (Error loading shared library /usr/local/lib/php/extensions/no-debug-non-zts-20210902/bcmath.so: No such file or directory)) in Unknown on line 0
[01-Feb-2026 16:46:27 UTC] PHP Warning:  Module "calendar" is already loaded in Unknown on line 0
[01-Feb-2026 19:46:27 Europe/Moscow] PHP Deprecated:  PHP Startup: Use of mbstring.internal_encoding is deprecated in Unknown on line 0
[01-Feb-2026 16:46:29 UTC] PHP Warning:  Module "xmlwriter" is already loaded in Unknown on line 0
[01-Feb-2026 16:46:29 UTC] PHP Warning:  Module "SimpleXML" is already loaded in Unknown on line 0
[01-Feb-2026 16:46:29 UTC] PHP Warning:  PHP Startup: Unable to load dynamic library 'tokenizer' (tried: /usr/local/lib/php/extensions/no-debug-non-zts-20210902/tokenizer (Error loading shared library /usr/local/lib/php/extensions/no-debug-non-zts-20210902/tokenizer: No such file or directory), /usr/local/lib/php/extensions/no-debug-non-zts-20210902/tokenizer.so (Error loading shared library /usr/local/lib/php/extensions/no-debug-non-zts-20210902/tokenizer.so: No such file or directory)) in Unknown on line 0
[01-Feb-2026 16:46:29 UTC] PHP Warning:  PHP Startup: Unable to load dynamic library 'rdkafka.so' (tried: /usr/local/lib/php/extensions/no-debug-non-zts-20210902/rdkafka.so (Error loading shared library /usr/local/lib/php/extensions/no-debug-non-zts-20210902/rdkafka.so: No such file or directory), /usr/local/lib/php/extensions/no-debug-non-zts-20210902/rdkafka.so.so (Error loading shared library /usr/local/lib/php/extensions/no-debug-non-zts-20210902/rdkafka.so.so: No such file or directory)) in Unknown on line 0
[01-Feb-2026 16:46:29 UTC] PHP Warning:  PHP Startup: Unable to load dynamic library 'bcmath' (tried: /usr/local/lib/php/extensions/no-debug-non-zts-20210902/bcmath (Error loading shared library /usr/local/lib/php/extensions/no-debug-non-zts-20210902/bcmath: No such file or directory), /usr/local/lib/php/extensions/no-debug-non-zts-20210902/bcmath.so (Error loading shared library /usr/local/lib/php/extensions/no-debug-non-zts-20210902/bcmath.so: No such file or directory)) in Unknown on line 0
[01-Feb-2026 16:46:29 UTC] PHP Warning:  Module "calendar" is already loaded in Unknown on line 0
[01-Feb-2026 16:46:29 UTC] PHP Warning:  Module "xmlwriter" is already loaded in Unknown on line 0
[01-Feb-2026 16:46:29 UTC] PHP Warning:  Module "SimpleXML" is already loaded in Unknown on line 0
[01-Feb-2026 16:46:29 UTC] PHP Warning:  PHP Startup: Unable to load dynamic library 'tokenizer' (tried: /usr/local/lib/php/extensions/no-debug-non-zts-20210902/tokenizer (Error loading shared library /usr/local/lib/php/extensions/no-debug-non-zts-20210902/tokenizer: No such file or directory), /usr/local/lib/php/extensions/no-debug-non-zts-20210902/tokenizer.so (Error loading shared library /usr/local/lib/php/extensions/no-debug-non-zts-20210902/tokenizer.so: No such file or directory)) in Unknown on line 0
[01-Feb-2026 16:46:29 UTC] PHP Warning:  PHP Startup: Unable to load dynamic library 'rdkafka.so' (tried: /usr/local/lib/php/extensions/no-debug-non-zts-20210902/rdkafka.so (Error loading shared library /usr/local/lib/php/extensions/no-debug-non-zts-20210902/rdkafka.so: No such file or directory), /usr/local/lib/php/extensions/no-debug-non-zts-20210902/rdkafka.so.so (Error loading shared library /usr/local/lib/php/extensions/no-debug-non-zts-20210902/rdkafka.so.so: No such file or directory)) in Unknown on line 0
[01-Feb-2026 16:46:29 UTC] PHP Warning:  PHP Startup: Unable to load dynamic library 'bcmath' (tried: /usr/local/lib/php/extensions/no-debug-non-zts-20210902/bcmath (Error loading shared library /usr/local/lib/php/extensions/no-debug-non-zts-20210902/bcmath: No such file or directory), /usr/local/lib/php/extensions/no-debug-non-zts-20210902/bcmath.so (Error loading shared library /usr/local/lib/php/extensions/no-debug-non-zts-20210902/bcmath.so: No such file or directory)) in Unknown on line 0
[01-Feb-2026 16:46:29 UTC] PHP Warning:  Module "calendar" is already loaded in Unknown on line 0
[01-Feb-2026 19:46:29 Europe/Moscow] PHP Deprecated:  PHP Startup: Use of mbstring.internal_encoding is deprecated in Unknown on line 0
[01-Feb-2026 16:46:36 UTC] PHP Warning:  Module "xmlwriter" is already loaded in Unknown on line 0
[01-Feb-2026 16:46:36 UTC] PHP Warning:  Module "SimpleXML" is already loaded in Unknown on line 0
[01-Feb-2026 16:46:36 UTC] PHP Warning:  PHP Startup: Unable to load dynamic library 'tokenizer' (tried: /usr/local/lib/php/extensions/no-debug-non-zts-20210902/tokenizer (Error loading shared library /usr/local/lib/php/extensions/no-debug-non-zts-20210902/tokenizer: No such file or directory), /usr/local/lib/php/extensions/no-debug-non-zts-20210902/tokenizer.so (Error loading shared library /usr/local/lib/php/extensions/no-debug-non-zts-20210902/tokenizer.so: No such file or directory)) in Unknown on line 0
[01-Feb-2026 16:46:36 UTC] PHP Warning:  PHP Startup: Unable to load dynamic library 'rdkafka.so' (tried: /usr/local/lib/php/extensions/no-debug-non-zts-20210902/rdkafka.so (Error loading shared library /usr/local/lib/php/extensions/no-debug-non-zts-20210902/rdkafka.so: No such file or directory), /usr/local/lib/php/extensions/no-debug-non-zts-20210902/rdkafka.so.so (Error loading shared library /usr/local/lib/php/extensions/no-debug-non-zts-20210902/rdkafka.so.so: No such file or directory)) in Unknown on line 0
[01-Feb-2026 16:46:36 UTC] PHP Warning:  PHP Startup: Unable to load dynamic library 'bcmath' (tried: /usr/local/lib/php/extensions/no-debug-non-zts-20210902/bcmath (Error loading shared library /usr/local/lib/php/extensions/no-debug-non-zts-20210902/bcmath: No such file or directory), /usr/local/lib/php/extensions/no-debug-non-zts-20210902/bcmath.so (Error loading shared library /usr/local/lib/php/extensions/no-debug-non-zts-20210902/bcmath.so: No such file or directory)) in Unknown on line 0
[01-Feb-2026 16:46:36 UTC] PHP Warning:  Module "calendar" is already loaded in Unknown on line 0
[01-Feb-2026 16:46:36 UTC] PHP Warning:  Module "xmlwriter" is already loaded in Unknown on line 0
[01-Feb-2026 16:46:36 UTC] PHP Warning:  Module "SimpleXML" is already loaded in Unknown on line 0
[01-Feb-2026 16:46:36 UTC] PHP Warning:  PHP Startup: Unable to load dynamic library 'tokenizer' (tried: /usr/local/lib/php/extensions/no-debug-non-zts-20210902/tokenizer (Error loading shared library /usr/local/lib/php/extensions/no-debug-non-zts-20210902/tokenizer: No such file or directory), /usr/local/lib/php/extensions/no-debug-non-zts-20210902/tokenizer.so (Error loading shared library /usr/local/lib/php/extensions/no-debug-non-zts-20210902/tokenizer.so: No such file or directory)) in Unknown on line 0
[01-Feb-2026 16:46:36 UTC] PHP Warning:  PHP Startup: Unable to load dynamic library 'rdkafka.so' (tried: /usr/local/lib/php/extensions/no-debug-non-zts-20210902/rdkafka.so (Error loading shared library /usr/local/lib/php/extensions/no-debug-non-zts-20210902/rdkafka.so: No such file or directory), /usr/local/lib/php/extensions/no-debug-non-zts-20210902/rdkafka.so.so (Error loading shared library /usr/local/lib/php/extensions/no-debug-non-zts-20210902/rdkafka.so.so: No such file or directory)) in Unknown on line 0
[01-Feb-2026 16:46:36 UTC] PHP Warning:  PHP Startup: Unable to load dynamic library 'bcmath' (tried: /usr/local/lib/php/extensions/no-debug-non-zts-20210902/bcmath (Error loading shared library /usr/local/lib/php/extensions/no-debug-non-zts-20210902/bcmath: No such file or directory), /usr/local/lib/php/extensions/no-debug-non-zts-20210902/bcmath.so (Error loading shared library /usr/local/lib/php/extensions/no-debug-non-zts-20210902/bcmath.so: No such file or directory)) in Unknown on line 0
[01-Feb-2026 16:46:36 UTC] PHP Warning:  Module "calendar" is already loaded in Unknown on line 0
[01-Feb-2026 19:46:36 Europe/Moscow] PHP Deprecated:  PHP Startup: Use of mbstring.internal_encoding is deprecated in Unknown on line 0
[01-Feb-2026 16:47:12 UTC] PHP Warning:  Module "xmlwriter" is already loaded in Unknown on line 0
[01-Feb-2026 16:47:12 UTC] PHP Warning:  Module "SimpleXML" is already loaded in Unknown on line 0
[01-Feb-2026 16:47:12 UTC] PHP Warning:  PHP Startup: Unable to load dynamic library 'tokenizer' (tried: /usr/local/lib/php/extensions/no-debug-non-zts-20210902/tokenizer (Error loading shared library /usr/local/lib/php/extensions/no-debug-non-zts-20210902/tokenizer: No such file or directory), /usr/local/lib/php/extensions/no-debug-non-zts-20210902/tokenizer.so (Error loading shared library /usr/local/lib/php/extensions/no-debug-non-zts-20210902/tokenizer.so: No such file or directory)) in Unknown on line 0
[01-Feb-2026 16:47:12 UTC] PHP Warning:  PHP Startup: Unable to load dynamic library 'rdkafka.so' (tried: /usr/local/lib/php/extensions/no-debug-non-zts-20210902/rdkafka.so (Error loading shared library /usr/local/lib/php/extensions/no-debug-non-zts-20210902/rdkafka.so: No such file or directory), /usr/local/lib/php/extensions/no-debug-non-zts-20210902/rdkafka.so.so (Error loading shared library /usr/local/lib/php/extensions/no-debug-non-zts-20210902/rdkafka.so.so: No such file or directory)) in Unknown on line 0
[01-Feb-2026 16:47:12 UTC] PHP Warning:  PHP Startup: Unable to load dynamic library 'bcmath' (tried: /usr/local/lib/php/extensions/no-debug-non-zts-20210902/bcmath (Error loading shared library /usr/local/lib/php/extensions/no-debug-non-zts-20210902/bcmath: No such file or directory), /usr/local/lib/php/extensions/no-debug-non-zts-20210902/bcmath.so (Error loading shared library /usr/local/lib/php/extensions/no-debug-non-zts-20210902/bcmath.so: No such file or directory)) in Unknown on line 0
[01-Feb-2026 16:47:12 UTC] PHP Warning:  Module "calendar" is already loaded in Unknown on line 0
[01-Feb-2026 16:47:12 UTC] PHP Warning:  Module "xmlwriter" is already loaded in Unknown on line 0
[01-Feb-2026 16:47:12 UTC] PHP Warning:  Module "SimpleXML" is already loaded in Unknown on line 0
[01-Feb-2026 16:47:12 UTC] PHP Warning:  PHP Startup: Unable to load dynamic library 'tokenizer' (tried: /usr/local/lib/php/extensions/no-debug-non-zts-20210902/tokenizer (Error loading shared library /usr/local/lib/php/extensions/no-debug-non-zts-20210902/tokenizer: No such file or directory), /usr/local/lib/php/extensions/no-debug-non-zts-20210902/tokenizer.so (Error loading shared library /usr/local/lib/php/extensions/no-debug-non-zts-20210902/tokenizer.so: No such file or directory)) in Unknown on line 0
[01-Feb-2026 16:47:12 UTC] PHP Warning:  PHP Startup: Unable to load dynamic library 'rdkafka.so' (tried: /usr/local/lib/php/extensions/no-debug-non-zts-20210902/rdkafka.so (Error loading shared library /usr/local/lib/php/extensions/no-debug-non-zts-20210902/rdkafka.so: No such file or directory), /usr/local/lib/php/extensions/no-debug-non-zts-20210902/rdkafka.so.so (Error loading shared library /usr/local/lib/php/extensions/no-debug-non-zts-20210902/rdkafka.so.so: No such file or directory)) in Unknown on line 0
[01-Feb-2026 16:47:12 UTC] PHP Warning:  PHP Startup: Unable to load dynamic library 'bcmath' (tried: /usr/local/lib/php/extensions/no-debug-non-zts-20210902/bcmath (Error loading shared library /usr/local/lib/php/extensions/no-debug-non-zts-20210902/bcmath: No such file or directory), /usr/local/lib/php/extensions/no-debug-non-zts-20210902/bcmath.so (Error loading shared library /usr/local/lib/php/extensions/no-debug-non-zts-20210902/bcmath.so: No such file or directory)) in Unknown on line 0
[01-Feb-2026 16:47:12 UTC] PHP Warning:  Module "calendar" is already loaded in Unknown on line 0
[01-Feb-2026 19:47:12 Europe/Moscow] PHP Deprecated:  PHP Startup: Use of mbstring.internal_encoding is deprecated in Unknown on line 0
